// Jest Snapshot v1, https://goo.gl/fbAQLP

exports[`CharacterItem matches snapshot 1`] = `
<View
  accessibilityState={
    {
      "busy": undefined,
      "checked": undefined,
      "disabled": undefined,
      "expanded": undefined,
      "selected": undefined,
    }
  }
  accessibilityValue={
    {
      "max": undefined,
      "min": undefined,
      "now": undefined,
      "text": undefined,
    }
  }
  accessible={true}
  collapsable={false}
  focusable={true}
  onClick={[Function]}
  onResponderGrant={[Function]}
  onResponderMove={[Function]}
  onResponderRelease={[Function]}
  onResponderTerminate={[Function]}
  onResponderTerminationRequest={[Function]}
  onStartShouldSetResponder={[Function]}
  style={
    {
      "opacity": 1,
    }
  }
  testID="character-item"
>
  <View
    style={
      [
        {
          "overflow": "hidden",
        },
        {
          "borderRadius": 50,
          "height": 100,
          "width": 100,
        },
      ]
    }
  >
    <FastImageView
      defaultSource={null}
      resizeMode="contain"
      source={
        {
          "priority": "normal",
          "uri": "https://example.com/rick.png",
        }
      }
      style={
        {
          "bottom": 0,
          "left": 0,
          "position": "absolute",
          "right": 0,
          "top": 0,
        }
      }
      testID="character-image"
    />
  </View>
  <View
    className="ml-8"
  >
    <Text
      className=" color-slate-500 font-semibold text-xl"
    >
      Rick Sanchez
    </Text>
    <Text
      className=" color-slate-500 font-semibold text-xs"
    >
      Male
    </Text>
  </View>
</View>
`;
