// Jest Snapshot v1, https://goo.gl/fbAQLP

exports[`EpisodeItem matches snapshot 1`] = `
<View
  accessibilityState={
    {
      "busy": undefined,
      "checked": undefined,
      "disabled": undefined,
      "expanded": undefined,
      "selected": undefined,
    }
  }
  accessibilityValue={
    {
      "max": undefined,
      "min": undefined,
      "now": undefined,
      "text": undefined,
    }
  }
  accessible={true}
  collapsable={false}
  focusable={true}
  onClick={[Function]}
  onResponderGrant={[Function]}
  onResponderMove={[Function]}
  onResponderRelease={[Function]}
  onResponderTerminate={[Function]}
  onResponderTerminationRequest={[Function]}
  onStartShouldSetResponder={[Function]}
  style={
    {
      "opacity": 1,
    }
  }
  testID="episode-item"
>
  <Text
    className="flex-1 color-slate-500 font-semibold text-l text-start  "
  >
    Pilot
  </Text>
  <Text
    className=" color-slate-500 font-semibold text-l text-end "
  >
    S01E01
  </Text>
</View>
`;
