// Jest Snapshot v1, https://goo.gl/fbAQLP

exports[`Loader matches snapshot 1`] = `
<ActivityIndicator
  className="color-violet-900"
  size="large"
  testID="loader"
/>
`;
